      beer       |               brewery                
-----------------+--------------------------------------
 A Million Stars | Future Mountain Brewing and Blending
 Feels Good Man  | Carbon Brews
(2 rows)
