Balter Brewing Co, who brewed 4 beers in 2019, 2020 and 2021
Black Hops, who brewed 4 beers in 2020
