      q4      
--------------
 No such beer
(1 row)
